<html>
<body>
<pre>
<h1>礦ision Build Log</h1>
<h2>Tool Versions:</h2>
IDE-Version: μVision V5.14.0.0
Copyright (C) 2015 ARM Ltd and ARM Germany GmbH. All rights reserved.
License Information: Jeremy Shen, ly0koS, LIC=V8545-GSDG2-59LGZ-JCTY1-MY3SX-4YVUT
 
Tool Versions:
Toolchain:       MDK-ARM Professional  Version: 5.14.0.0
Toolchain Path:  C:\Keil_v5\ARM\ARMCC\Bin
C Compiler:      Armcc.exe V5.05 update 1 (build 106)
Assembler:       Armasm.exe V5.05 update 1 (build 106)
Linker/Locator:  ArmLink.exe V5.05 update 1 (build 106)
Library Manager: ArmAr.exe V5.05 update 1 (build 106)
Hex Converter:   FromElf.exe V5.05 update 1 (build 106)
CPU DLL:         SARMCM3.DLL V5.14.0.0
Dialog DLL:      DCM.DLL V1.13.1.0
Target DLL:      STLink\ST-LINKIII-KEIL_SWO.dll V2.0.14.0_KEIL
Dialog DLL:      TCM.DLL V1.14.4.0
 
<h2>Project:</h2>
Z:\STM32\Project\Frequence\实验10 输入捕获实验\USER\ICAPTURE.uvprojx
Project File Date:  04/28/2018

<h2>Output:</h2>
Build target 'ICAPTURE'
compiling timer.c...
linking...
Program Size: Code=31526 RO-data=6594 RW-data=80 ZI-data=1856  
FromELF: creating hex file...
"..\OBJ\ICAPTURE.axf" - 0 Error(s), 0 Warning(s).

<h2>Collection of Component include folders:</h2>
  Z:\STM32\Project\Frequence\实验10 输入捕获实验\USER\RTE
  C:\Keil_v5\ARM\PACK\Keil\STM32F4xx_DFP\2.11.0

<h2>Collection of Component Files used:</h2>
</pre>
</body>
</html>
